Archive member included to satisfy reference by file (symbol)

/home/stevan/GIT/MikroE_OpenDay/OpenDay_2/.meproject/setup/Debug/lib/lib_core.a(system_stm32f_4xx.c.obj)
                              CMakeFiles/OpenDay_2.dir/.meproject/setup/FileStartup/stm32f407zg.s.obj (systemInit)
/home/stevan/GIT/MikroE_OpenDay/OpenDay_2/.meproject/setup/Debug/lib/lib_core.a(preinit.c.obj)
                              CMakeFiles/OpenDay_2.dir/main.c.obj (preinit)
/home/stevan/.MIKROE/NECTOStudio7_Experimental/packages/compilers/gcc/arm/gcc-arm-none-eabi/bin/../lib/gcc/arm-none-eabi/12.2.1/../../../../arm-none-eabi/lib/thumb/v7e-m+fp/hard/libg.a(libc_a-atexit.o)
                              /home/stevan/.MIKROE/NECTOStudio7_Experimental/packages/compilers/gcc/arm/gcc-arm-none-eabi/bin/../lib/gcc/arm-none-eabi/12.2.1/../../../../arm-none-eabi/lib/thumb/v7e-m+fp/hard/crt0.o (atexit)
/home/stevan/.MIKROE/NECTOStudio7_Experimental/packages/compilers/gcc/arm/gcc-arm-none-eabi/bin/../lib/gcc/arm-none-eabi/12.2.1/../../../../arm-none-eabi/lib/thumb/v7e-m+fp/hard/libg.a(libc_a-exit.o)
                              /home/stevan/.MIKROE/NECTOStudio7_Experimental/packages/compilers/gcc/arm/gcc-arm-none-eabi/bin/../lib/gcc/arm-none-eabi/12.2.1/../../../../arm-none-eabi/lib/thumb/v7e-m+fp/hard/crt0.o (exit)
/home/stevan/.MIKROE/NECTOStudio7_Experimental/packages/compilers/gcc/arm/gcc-arm-none-eabi/bin/../lib/gcc/arm-none-eabi/12.2.1/../../../../arm-none-eabi/lib/thumb/v7e-m+fp/hard/libg.a(libc_a-findfp.o)
                              /home/stevan/.MIKROE/NECTOStudio7_Experimental/packages/compilers/gcc/arm/gcc-arm-none-eabi/bin/../lib/gcc/arm-none-eabi/12.2.1/../../../../arm-none-eabi/lib/thumb/v7e-m+fp/hard/libg.a(libc_a-exit.o) (__stdio_exit_handler)
/home/stevan/.MIKROE/NECTOStudio7_Experimental/packages/compilers/gcc/arm/gcc-arm-none-eabi/bin/../lib/gcc/arm-none-eabi/12.2.1/../../../../arm-none-eabi/lib/thumb/v7e-m+fp/hard/libg.a(libc_a-fwalk.o)
                              /home/stevan/.MIKROE/NECTOStudio7_Experimental/packages/compilers/gcc/arm/gcc-arm-none-eabi/bin/../lib/gcc/arm-none-eabi/12.2.1/../../../../arm-none-eabi/lib/thumb/v7e-m+fp/hard/libg.a(libc_a-findfp.o) (_fwalk_sglue)
/home/stevan/.MIKROE/NECTOStudio7_Experimental/packages/compilers/gcc/arm/gcc-arm-none-eabi/bin/../lib/gcc/arm-none-eabi/12.2.1/../../../../arm-none-eabi/lib/thumb/v7e-m+fp/hard/libg.a(libc_a-stdio.o)
                              /home/stevan/.MIKROE/NECTOStudio7_Experimental/packages/compilers/gcc/arm/gcc-arm-none-eabi/bin/../lib/gcc/arm-none-eabi/12.2.1/../../../../arm-none-eabi/lib/thumb/v7e-m+fp/hard/libg.a(libc_a-findfp.o) (__sread)
/home/stevan/.MIKROE/NECTOStudio7_Experimental/packages/compilers/gcc/arm/gcc-arm-none-eabi/bin/../lib/gcc/arm-none-eabi/12.2.1/../../../../arm-none-eabi/lib/thumb/v7e-m+fp/hard/libg.a(libc_a-memset.o)
                              /home/stevan/.MIKROE/NECTOStudio7_Experimental/packages/compilers/gcc/arm/gcc-arm-none-eabi/bin/../lib/gcc/arm-none-eabi/12.2.1/../../../../arm-none-eabi/lib/thumb/v7e-m+fp/hard/crt0.o (memset)
/home/stevan/.MIKROE/NECTOStudio7_Experimental/packages/compilers/gcc/arm/gcc-arm-none-eabi/bin/../lib/gcc/arm-none-eabi/12.2.1/../../../../arm-none-eabi/lib/thumb/v7e-m+fp/hard/libg.a(libc_a-closer.o)
                              /home/stevan/.MIKROE/NECTOStudio7_Experimental/packages/compilers/gcc/arm/gcc-arm-none-eabi/bin/../lib/gcc/arm-none-eabi/12.2.1/../../../../arm-none-eabi/lib/thumb/v7e-m+fp/hard/libg.a(libc_a-stdio.o) (_close_r)
/home/stevan/.MIKROE/NECTOStudio7_Experimental/packages/compilers/gcc/arm/gcc-arm-none-eabi/bin/../lib/gcc/arm-none-eabi/12.2.1/../../../../arm-none-eabi/lib/thumb/v7e-m+fp/hard/libg.a(libc_a-reent.o)
                              /home/stevan/.MIKROE/NECTOStudio7_Experimental/packages/compilers/gcc/arm/gcc-arm-none-eabi/bin/../lib/gcc/arm-none-eabi/12.2.1/../../../../arm-none-eabi/lib/thumb/v7e-m+fp/hard/libg.a(libc_a-closer.o) (errno)
/home/stevan/.MIKROE/NECTOStudio7_Experimental/packages/compilers/gcc/arm/gcc-arm-none-eabi/bin/../lib/gcc/arm-none-eabi/12.2.1/../../../../arm-none-eabi/lib/thumb/v7e-m+fp/hard/libg.a(libc_a-impure.o)
                              /home/stevan/.MIKROE/NECTOStudio7_Experimental/packages/compilers/gcc/arm/gcc-arm-none-eabi/bin/../lib/gcc/arm-none-eabi/12.2.1/../../../../arm-none-eabi/lib/thumb/v7e-m+fp/hard/libg.a(libc_a-reent.o) (_impure_ptr)
/home/stevan/.MIKROE/NECTOStudio7_Experimental/packages/compilers/gcc/arm/gcc-arm-none-eabi/bin/../lib/gcc/arm-none-eabi/12.2.1/../../../../arm-none-eabi/lib/thumb/v7e-m+fp/hard/libg.a(libc_a-lseekr.o)
                              /home/stevan/.MIKROE/NECTOStudio7_Experimental/packages/compilers/gcc/arm/gcc-arm-none-eabi/bin/../lib/gcc/arm-none-eabi/12.2.1/../../../../arm-none-eabi/lib/thumb/v7e-m+fp/hard/libg.a(libc_a-stdio.o) (_lseek_r)
[...]
Memory Configuration

Name             Origin             Length             Attributes
CCMRAM           0x0000000010000000 0x0000000000010000 xrw
RAM              0x0000000020000000 0x0000000000020000 xrw
FLASH            0x0000000008000000 0x0000000000100000 xr
*default*        0x0000000000000000 0xffffffffffffffff

Linker script and memory map

LOAD /home/stevan/.MIKROE/NECTOStudio7_Experimental/packages/compilers/gcc/arm/gcc-arm-none-eabi/bin/../lib/gcc/arm-none-eabi/12.2.1/thumb/v7e-m+fp/hard/crti.o
LOAD /home/stevan/.MIKROE/NECTOStudio7_Experimental/packages/compilers/gcc/arm/gcc-arm-none-eabi/bin/../lib/gcc/arm-none-eabi/12.2.1/thumb/v7e-m+fp/hard/crtbegin.o
LOAD /home/stevan/.MIKROE/NECTOStudio7_Experimental/packages/compilers/gcc/arm/gcc-arm-none-eabi/bin/../lib/gcc/arm-none-eabi/12.2.1/../../../../arm-none-eabi/lib/thumb/v7e-m+fp/hard/crt0.o
LOAD CMakeFiles/OpenDay_2.dir/main.c.obj
LOAD CMakeFiles/OpenDay_2.dir/.meproject/setup/FileStartup/stm32f407zg.s.obj
LOAD /home/stevan/GIT/MikroE_OpenDay/OpenDay_2/.meproject/setup/Debug/lib/lib_core.a
START GROUP
LOAD /home/stevan/.MIKROE/NECTOStudio7_Experimental/packages/compilers/gcc/arm/gcc-arm-none-eabi/bin/../lib/gcc/arm-none-eabi/12.2.1/thumb/v7e-m+fp/hard/libgcc.a
LOAD /home/stevan/.MIKROE/NECTOStudio7_Experimental/packages/compilers/gcc/arm/gcc-arm-none-eabi/bin/../lib/gcc/arm-none-eabi/12.2.1/../../../../arm-none-eabi/lib/thumb/v7e-m+fp/hard/libg.a
LOAD /home/stevan/.MIKROE/NECTOStudio7_Experimental/packages/compilers/gcc/arm/gcc-arm-none-eabi/bin/../lib/gcc/arm-none-eabi/12.2.1/../../../../arm-none-eabi/lib/thumb/v7e-m+fp/hard/libc.a
END GROUP
START GROUP
LOAD /home/stevan/.MIKROE/NECTOStudio7_Experimental/packages/compilers/gcc/arm/gcc-arm-none-eabi/bin/../lib/gcc/arm-none-eabi/12.2.1/thumb/v7e-m+fp/hard/libgcc.a
LOAD /home/stevan/.MIKROE/NECTOStudio7_Experimental/packages/compilers/gcc/arm/gcc-arm-none-eabi/bin/../lib/gcc/arm-none-eabi/12.2.1/../../../../arm-none-eabi/lib/thumb/v7e-m+fp/hard/libc.a
LOAD /home/stevan/.MIKROE/NECTOStudio7_Experimental/packages/compilers/gcc/arm/gcc-arm-none-eabi/bin/../lib/gcc/arm-none-eabi/12.2.1/../../../../arm-none-eabi/lib/thumb/v7e-m+fp/hard/libnosys.a
END GROUP
LOAD /home/stevan/.MIKROE/NECTOStudio7_Experimental/packages/compilers/gcc/arm/gcc-arm-none-eabi/bin/../lib/gcc/arm-none-eabi/12.2.1/thumb/v7e-m+fp/hard/crtend.o
LOAD /home/stevan/.MIKROE/NECTOStudio7_Experimental/packages/compilers/gcc/arm/gcc-arm-none-eabi/bin/../lib/gcc/arm-none-eabi/12.2.1/thumb/v7e-m+fp/hard/crtn.o
                0x0000000000000200                _Min_Heap_Size = 0x200
                0x0000000000000400                _Min_Stack_Size = 0x400
                0x0000000020020000                _estack = (ORIGIN (RAM) + LENGTH (RAM))

.isr_vector     0x0000000008000000      0x188
                0x0000000008000000                . = ALIGN (0x4)
 *(.isr_vector)
 .isr_vector    0x0000000008000000      0x188 CMakeFiles/OpenDay_2.dir/.meproject/setup/FileStartup/stm32f407zg.s.obj
                0x0000000008000000                g_pfnVectors
                0x0000000008000188                . = ALIGN (0x4)

.text           0x0000000008000188      0x4a4
                0x0000000008000188                . = ALIGN (0x4)
 *(.text)
 *(.text*)
 .text.__do_global_dtors_aux
                0x0000000008000188       0x24 /home/stevan/.MIKROE/NECTOStudio7_Experimental/packages/compilers/gcc/arm/gcc-arm-none-eabi/bin/../lib/gcc/arm-none-eabi/12.2.1/thumb/v7e-m+fp/hard/crtbegin.o
 .text.frame_dummy
                0x00000000080001ac       0x1c /home/stevan/.MIKROE/NECTOStudio7_Experimental/packages/compilers/gcc/arm/gcc-arm-none-eabi/bin/../lib/gcc/arm-none-eabi/12.2.1/thumb/v7e-m+fp/hard/crtbegin.o
 .text.add      0x00000000080001c8       0x1c CMakeFiles/OpenDay_2.dir/main.c.obj
                0x00000000080001c8                add
 .text.subtract
                0x00000000080001e4       0x1c CMakeFiles/OpenDay_2.dir/main.c.obj
                0x00000000080001e4                subtract
 .text.multiply
                0x0000000008000200       0x22 CMakeFiles/OpenDay_2.dir/main.c.obj
                0x0000000008000200                multiply
 .text.divide   0x0000000008000222       0x1e CMakeFiles/OpenDay_2.dir/main.c.obj
                0x0000000008000222                divide
 .text.factorial
                0x0000000008000240       0x2e CMakeFiles/OpenDay_2.dir/main.c.obj
                0x0000000008000240                factorial
 .text.is_prime
                0x000000000800026e       0x54 CMakeFiles/OpenDay_2.dir/main.c.obj
                0x000000000800026e                is_prime
 .text.gcd      0x00000000080002c2       0x3a CMakeFiles/OpenDay_2.dir/main.c.obj
                0x00000000080002c2                gcd
 .text.main     0x00000000080002fc       0x56 CMakeFiles/OpenDay_2.dir/main.c.obj
                0x00000000080002fc                main
 *fill*         0x0000000008000352        0x2 
 .text.Reset_Handler
                0x0000000008000354       0x50 CMakeFiles/OpenDay_2.dir/.meproject/setup/FileStartup/stm32f407zg.s.obj
                0x0000000008000354                Reset_Handler
 .text.Default_Handler
                0x00000000080003a4        0x2 CMakeFiles/OpenDay_2.dir/.meproject/setup/FileStartup/stm32f407zg.s.obj
                0x00000000080003a4                RTC_Alarm_IRQHandler
                0x00000000080003a4                HASH_RNG_IRQHandler
                0x00000000080003a4                EXTI2_IRQHandler
                0x00000000080003a4                TIM8_CC_IRQHandler
                0x00000000080003a4                DebugMon_Handler
                0x00000000080003a4                TIM1_CC_IRQHandler
                0x00000000080003a4                DMA2_Stream5_IRQHandler
                0x00000000080003a4                HardFault_Handler
                0x00000000080003a4                DMA1_Stream5_IRQHandler
                0x00000000080003a4                SysTick_Handler
                0x00000000080003a4                PVD_IRQHandler
                0x00000000080003a4                SDIO_IRQHandler
                0x00000000080003a4                TAMP_STAMP_IRQHandler
                0x00000000080003a4                PendSV_Handler
                0x00000000080003a4                NMI_Handler
                0x00000000080003a4                CAN2_RX1_IRQHandler
                0x00000000080003a4                EXTI3_IRQHandler
                0x00000000080003a4                UART1_IRQHandler
                0x00000000080003a4                TIM8_TRG_COM_TIM14_IRQHandler
                0x00000000080003a4                TIM1_UP_TIM10_IRQHandler
                0x00000000080003a4                TIM8_UP_TIM13_IRQHandler
                0x00000000080003a4                I2C3_ER_IRQHandler
                0x00000000080003a4                EXTI0_IRQHandler
                0x00000000080003a4                I2C2_EV_IRQHandler
                0x00000000080003a4                DMA1_Stream2_IRQHandler
                0x00000000080003a4                CAN1_RX0_IRQHandler
                0x00000000080003a4                FPU_IRQHandler
                0x00000000080003a4                OTG_HS_WKUP_IRQHandler
                0x00000000080003a4                UsageFault_Handler
                0x00000000080003a4                CAN2_SCE_IRQHandler
                0x00000000080003a4                DMA2_Stream2_IRQHandler
                0x00000000080003a4                SPI1_IRQHandler
                0x00000000080003a4                TIM6_DAC_IRQHandler
                0x00000000080003a4                TIM1_BRK_TIM9_IRQHandler
                0x00000000080003a4                DCMI_IRQHandler
                0x00000000080003a4                CAN2_RX0_IRQHandler
                0x00000000080003a4                DMA2_Stream3_IRQHandler
                0x00000000080003a4                CAN1_RX1_IRQHandler
                0x00000000080003a4                UART5_IRQHandler
                0x00000000080003a4                DMA2_Stream0_IRQHandler
                0x00000000080003a4                TIM4_IRQHandler
                0x00000000080003a4                I2C1_EV_IRQHandler
                0x00000000080003a4                UART2_IRQHandler
                0x00000000080003a4                DMA1_Stream6_IRQHandler
                0x00000000080003a4                DMA1_Stream1_IRQHandler
                0x00000000080003a4                UART4_IRQHandler
                0x00000000080003a4                TIM3_IRQHandler
                0x00000000080003a4                RCC_IRQHandler
                0x00000000080003a4                TIM8_BRK_TIM12_IRQHandler
                0x00000000080003a4                Default_Handler
                0x00000000080003a4                EXTI15_10_IRQHandler
                0x00000000080003a4                ADC_IRQHandler
                0x00000000080003a4                DMA1_Stream7_IRQHandler
                0x00000000080003a4                TIM7_IRQHandler
                0x00000000080003a4                CAN2_TX_IRQHandler
                0x00000000080003a4                TIM5_IRQHandler
                0x00000000080003a4                DMA2_Stream7_IRQHandler
                0x00000000080003a4                I2C3_EV_IRQHandler
                0x00000000080003a4                EXTI9_5_IRQHandler
                0x00000000080003a4                RTC_WKUP_IRQHandler
                0x00000000080003a4                ETH_WKUP_IRQHandler
                0x00000000080003a4                SPI2_IRQHandler
                0x00000000080003a4                OTG_HS_EP1_IN_IRQHandler
                0x00000000080003a4                MemManage_Handler
                0x00000000080003a4                DMA1_Stream0_IRQHandler
                0x00000000080003a4                CAN1_TX_IRQHandler
                0x00000000080003a4                SVC_Handler
                0x00000000080003a4                EXTI4_IRQHandler
                0x00000000080003a4                FSMC_IRQHandler
                0x00000000080003a4                ETH_IRQHandler
                0x00000000080003a4                OTG_HS_EP1_OUT_IRQHandler
                0x00000000080003a4                WWDG_IRQHandler
                0x00000000080003a4                TIM2_IRQHandler
                0x00000000080003a4                OTG_FS_WKUP_IRQHandler
                0x00000000080003a4                TIM1_TRG_COM_TIM11_IRQHandler
                0x00000000080003a4                OTG_HS_IRQHandler
                0x00000000080003a4                EXTI1_IRQHandler
                0x00000000080003a4                UART6_IRQHandler
                0x00000000080003a4                I2C2_ER_IRQHandler
                0x00000000080003a4                DMA2_Stream1_IRQHandler
                0x00000000080003a4                CAN1_SCE_IRQHandler
                0x00000000080003a4                FLASH_IRQHandler
                0x00000000080003a4                DMA2_Stream4_IRQHandler
                0x00000000080003a4                BusFault_Handler
                0x00000000080003a4                OTG_FS_IRQHandler
                0x00000000080003a4                SPI3_IRQHandler
                0x00000000080003a4                UART3_IRQHandler
                0x00000000080003a4                DMA1_Stream4_IRQHandler
                0x00000000080003a4                I2C1_ER_IRQHandler
                0x00000000080003a4                DMA2_Stream6_IRQHandler
                0x00000000080003a4                DMA1_Stream3_IRQHandler
 .text.systemEnableFPU
                0x00000000080003a6       0x3a /home/stevan/GIT/MikroE_OpenDay/OpenDay_2/.meproject/setup/Debug/lib/lib_core.a(system_stm32f_4xx.c.obj)
                0x00000000080003a6                systemEnableFPU
 .text.systemClockSetDefault
                0x00000000080003e0       0x58 /home/stevan/GIT/MikroE_OpenDay/OpenDay_2/.meproject/setup/Debug/lib/lib_core.a(system_stm32f_4xx.c.obj)
 .text.systemInit
                0x0000000008000438       0x8c /home/stevan/GIT/MikroE_OpenDay/OpenDay_2/.meproject/setup/Debug/lib/lib_core.a(system_stm32f_4xx.c.obj)
                0x0000000008000438                systemInit
 .text.preinit  0x00000000080004c4       0x28 /home/stevan/GIT/MikroE_OpenDay/OpenDay_2/.meproject/setup/Debug/lib/lib_core.a(preinit.c.obj)
                0x00000000080004c4                preinit
 .text.atexit   0x00000000080004ec        0xc /home/stevan/.MIKROE/NECTOStudio7_Experimental/packages/compilers/gcc/arm/gcc-arm-none-eabi/bin/../lib/gcc/arm-none-eabi/12.2.1/../../../../arm-none-eabi/lib/thumb/v7e-m+fp/hard/libg.a(libc_a-atexit.o)
                0x00000000080004ec                atexit
 .text.__libc_init_array
                0x00000000080004f8       0x50 /home/stevan/.MIKROE/NECTOStudio7_Experimental/packages/compilers/gcc/arm/gcc-arm-none-eabi/bin/../lib/gcc/arm-none-eabi/12.2.1/../../../../arm-none-eabi/lib/thumb/v7e-m+fp/hard/libg.a(libc_a-init.o)
                0x00000000080004f8                __libc_init_array
 .text.__libc_fini_array
                0x0000000008000548       0x28 /home/stevan/.MIKROE/NECTOStudio7_Experimental/packages/compilers/gcc/arm/gcc-arm-none-eabi/bin/../lib/gcc/arm-none-eabi/12.2.1/../../../../arm-none-eabi/lib/thumb/v7e-m+fp/hard/libg.a(libc_a-fini.o)
                0x0000000008000548                __libc_fini_array
 .text.__retarget_lock_acquire_recursive
                0x0000000008000570        0x4 /home/stevan/.MIKROE/NECTOStudio7_Experimental/packages/compilers/gcc/arm/gcc-arm-none-eabi/bin/../lib/gcc/arm-none-eabi/12.2.1/../../../../arm-none-eabi/lib/thumb/v7e-m+fp/hard/libg.a(libc_a-lock.o)
                0x0000000008000570                __retarget_lock_acquire_recursive
 .text.__retarget_lock_release_recursive
                0x0000000008000574        0x4 /home/stevan/.MIKROE/NECTOStudio7_Experimental/packages/compilers/gcc/arm/gcc-arm-none-eabi/bin/../lib/gcc/arm-none-eabi/12.2.1/../../../../arm-none-eabi/lib/thumb/v7e-m+fp/hard/libg.a(libc_a-lock.o)
                0x0000000008000574                __retarget_lock_release_recursive
 .text.__register_exitproc
                0x0000000008000578       0x88 /home/stevan/.MIKROE/NECTOStudio7_Experimental/packages/compilers/gcc/arm/gcc-arm-none-eabi/bin/../lib/gcc/arm-none-eabi/12.2.1/../../../../arm-none-eabi/lib/thumb/v7e-m+fp/hard/libg.a(libc_a-__atexit.o)
                0x0000000008000578                __register_exitproc
 .text.startup.register_fini
                0x0000000008000600       0x14 /home/stevan/.MIKROE/NECTOStudio7_Experimental/packages/compilers/gcc/arm/gcc-arm-none-eabi/bin/../lib/gcc/arm-none-eabi/12.2.1/../../../../arm-none-eabi/lib/thumb/v7e-m+fp/hard/libg.a(libc_a-__call_atexit.o)
 *(.glue_7)
 .glue_7        0x0000000008000614        0x0 linker stubs
 *(.glue_7t)
 .glue_7t       0x0000000008000614        0x0 linker stubs
 *(.eh_frame)
 .eh_frame      0x0000000008000614        0x0 /home/stevan/.MIKROE/NECTOStudio7_Experimental/packages/compilers/gcc/arm/gcc-arm-none-eabi/bin/../lib/gcc/arm-none-eabi/12.2.1/thumb/v7e-m+fp/hard/crtbegin.o
 *(.init)
 .init          0x0000000008000614        0x4 /home/stevan/.MIKROE/NECTOStudio7_Experimental/packages/compilers/gcc/arm/gcc-arm-none-eabi/bin/../lib/gcc/arm-none-eabi/12.2.1/thumb/v7e-m+fp/hard/crti.o
                0x0000000008000614                _init
 .init          0x0000000008000618        0x8 /home/stevan/.MIKROE/NECTOStudio7_Experimental/packages/compilers/gcc/arm/gcc-arm-none-eabi/bin/../lib/gcc/arm-none-eabi/12.2.1/thumb/v7e-m+fp/hard/crtn.o
 *(.fini)
 .fini          0x0000000008000620        0x4 /home/stevan/.MIKROE/NECTOStudio7_Experimental/packages/compilers/gcc/arm/gcc-arm-none-eabi/bin/../lib/gcc/arm-none-eabi/12.2.1/thumb/v7e-m+fp/hard/crti.o
                0x0000000008000620                _fini
 .fini          0x0000000008000624        0x8 /home/stevan/.MIKROE/NECTOStudio7_Experimental/packages/compilers/gcc/arm/gcc-arm-none-eabi/bin/../lib/gcc/arm-none-eabi/12.2.1/thumb/v7e-m+fp/hard/crtn.o
                0x000000000800062c                . = ALIGN (0x4)
                0x000000000800062c                _etext = .

.vfp11_veneer   0x000000000800062c        0x0
 .vfp11_veneer  0x000000000800062c        0x0 linker stubs

.v4_bx          0x000000000800062c        0x0
 .v4_bx         0x000000000800062c        0x0 linker stubs

.iplt           0x000000000800062c        0x0
 .iplt          0x000000000800062c        0x0 /home/stevan/.MIKROE/NECTOStudio7_Experimental/packages/compilers/gcc/arm/gcc-arm-none-eabi/bin/../lib/gcc/arm-none-eabi/12.2.1/thumb/v7e-m+fp/hard/crtbegin.o

.rel.dyn        0x000000000800062c        0x0
 .rel.iplt      0x000000000800062c        0x0 /home/stevan/.MIKROE/NECTOStudio7_Experimental/packages/compilers/gcc/arm/gcc-arm-none-eabi/bin/../lib/gcc/arm-none-eabi/12.2.1/thumb/v7e-m+fp/hard/crtbegin.o

.rodata         0x000000000800062c        0x0
                0x000000000800062c                . = ALIGN (0x4)
 *(.rodata)
 *(.rodata*)
                0x000000000800062c                . = ALIGN (0x4)

.ARM.extab      0x000000000800062c        0x0
                0x000000000800062c                . = ALIGN (0x4)
 *(.ARM.extab* .gnu.linkonce.armextab.*)
                0x000000000800062c                . = ALIGN (0x4)

.ARM            0x000000000800062c        0x0
                0x000000000800062c                . = ALIGN (0x4)
                0x000000000800062c                __exidx_start = .
 *(.ARM.exidx*)
                0x000000000800062c                __exidx_end = .
                0x000000000800062c                . = ALIGN (0x4)

.preinit_array  0x000000000800062c        0x0
                0x000000000800062c                . = ALIGN (0x4)
                0x000000000800062c                PROVIDE (__preinit_array_start = .)
 *(.preinit_array*)
                0x000000000800062c                PROVIDE (__preinit_array_end = .)
                0x000000000800062c                . = ALIGN (0x4)

.init_array     0x000000000800062c        0x8
                0x000000000800062c                . = ALIGN (0x4)
                0x000000000800062c                PROVIDE (__init_array_start = .)
 *(SORT_BY_NAME(.init_array.*))
 .init_array.00000
                0x000000000800062c        0x4 /home/stevan/.MIKROE/NECTOStudio7_Experimental/packages/compilers/gcc/arm/gcc-arm-none-eabi/bin/../lib/gcc/arm-none-eabi/12.2.1/../../../../arm-none-eabi/lib/thumb/v7e-m+fp/hard/libg.a(libc_a-__call_atexit.o)
 *(.init_array*)
 .init_array    0x0000000008000630        0x4 /home/stevan/.MIKROE/NECTOStudio7_Experimental/packages/compilers/gcc/arm/gcc-arm-none-eabi/bin/../lib/gcc/arm-none-eabi/12.2.1/thumb/v7e-m+fp/hard/crtbegin.o
                0x0000000008000634                PROVIDE (__init_array_end = .)
                0x0000000008000634                . = ALIGN (0x4)

.fini_array     0x0000000008000634        0x4
                0x0000000008000634                . = ALIGN (0x4)
                0x0000000008000634                PROVIDE (__fini_array_start = .)
 *(SORT_BY_NAME(.fini_array.*))
 *(.fini_array*)
 .fini_array    0x0000000008000634        0x4 /home/stevan/.MIKROE/NECTOStudio7_Experimental/packages/compilers/gcc/arm/gcc-arm-none-eabi/bin/../lib/gcc/arm-none-eabi/12.2.1/thumb/v7e-m+fp/hard/crtbegin.o
                0x0000000008000638                PROVIDE (__fini_array_end = .)
                0x0000000008000638                . = ALIGN (0x4)
                0x0000000008000638                _sidata = LOADADDR (.data)

.data           0x0000000020000000        0x4 load address 0x0000000008000638
                0x0000000020000000                . = ALIGN (0x4)
                0x0000000020000000                _sdata = .
 *(.data)
 *(.data*)
 .data.__atexit_recursive_mutex
                0x0000000020000000        0x4 /home/stevan/.MIKROE/NECTOStudio7_Experimental/packages/compilers/gcc/arm/gcc-arm-none-eabi/bin/../lib/gcc/arm-none-eabi/12.2.1/../../../../arm-none-eabi/lib/thumb/v7e-m+fp/hard/libg.a(libc_a-__call_atexit.o)
                0x0000000020000000                __atexit_recursive_mutex
 *(.RamFunc)
 *(.RamFunc*)
                0x0000000020000004                . = ALIGN (0x4)
                0x0000000020000004                _edata = .
                0x000000000800063c                _siccmram = LOADADDR (.ccmram)

.igot.plt       0x0000000020000004        0x0 load address 0x000000000800063c
 .igot.plt      0x0000000020000004        0x0 /home/stevan/.MIKROE/NECTOStudio7_Experimental/packages/compilers/gcc/arm/gcc-arm-none-eabi/bin/../lib/gcc/arm-none-eabi/12.2.1/thumb/v7e-m+fp/hard/crtbegin.o

.ccmram         0x0000000010000000        0x0 load address 0x000000000800063c
                0x0000000010000000                . = ALIGN (0x4)
                0x0000000010000000                _sccmram = .
 *(.ccmram)
 *(.ccmram*)
                0x0000000010000000                . = ALIGN (0x4)
                0x0000000010000000                _eccmram = .
                0x0000000010000000                . = ALIGN (0x4)

.bss            0x0000000020000004      0x1b8
                0x0000000020000004                _sbss = .
                0x0000000020000004                __bss_start__ = _sbss
 *(.bss)
 *(.bss*)
 .bss.completed.1
                0x0000000020000004        0x1 /home/stevan/.MIKROE/NECTOStudio7_Experimental/packages/compilers/gcc/arm/gcc-arm-none-eabi/bin/../lib/gcc/arm-none-eabi/12.2.1/thumb/v7e-m+fp/hard/crtbegin.o
 *fill*         0x0000000020000005        0x3 
 .bss.object.0  0x0000000020000008       0x18 /home/stevan/.MIKROE/NECTOStudio7_Experimental/packages/compilers/gcc/arm/gcc-arm-none-eabi/bin/../lib/gcc/arm-none-eabi/12.2.1/thumb/v7e-m+fp/hard/crtbegin.o
 .bss.preinit_done
                0x0000000020000020        0x1 /home/stevan/GIT/MikroE_OpenDay/OpenDay_2/.meproject/setup/Debug/lib/lib_core.a(preinit.c.obj)
 *fill*         0x0000000020000021        0x3 
 .bss.__lock___atexit_recursive_mutex
                0x0000000020000024        0x1 /home/stevan/.MIKROE/NECTOStudio7_Experimental/packages/compilers/gcc/arm/gcc-arm-none-eabi/bin/../lib/gcc/arm-none-eabi/12.2.1/../../../../arm-none-eabi/lib/thumb/v7e-m+fp/hard/libg.a(libc_a-lock.o)
                0x0000000020000024                __lock___atexit_recursive_mutex
 *fill*         0x0000000020000025        0x3 
 .bss.__atexit0
                0x0000000020000028      0x190 /home/stevan/.MIKROE/NECTOStudio7_Experimental/packages/compilers/gcc/arm/gcc-arm-none-eabi/bin/../lib/gcc/arm-none-eabi/12.2.1/../../../../arm-none-eabi/lib/thumb/v7e-m+fp/hard/libg.a(libc_a-__atexit.o)
                0x0000000020000028                __atexit0
 .bss.__atexit  0x00000000200001b8        0x4 /home/stevan/.MIKROE/NECTOStudio7_Experimental/packages/compilers/gcc/arm/gcc-arm-none-eabi/bin/../lib/gcc/arm-none-eabi/12.2.1/../../../../arm-none-eabi/lib/thumb/v7e-m+fp/hard/libg.a(libc_a-__call_atexit.o)
                0x00000000200001b8                __atexit
 *(COMMON)
                0x00000000200001bc                . = ALIGN (0x4)
                0x00000000200001bc                _ebss = .
                0x00000000200001bc                __bss_end__ = _ebss

._user_heap_stack
                0x00000000200001bc      0x604
                0x00000000200001c0                . = ALIGN (0x8)
 *fill*         0x00000000200001bc        0x4 
                0x00000000200001c0                PROVIDE (end = .)
                [!provide]                        PROVIDE (_end = .)
                0x00000000200003c0                . = (. + _Min_Heap_Size)
 *fill*         0x00000000200001c0      0x200 
                0x00000000200007c0                . = (. + _Min_Stack_Size)
 *fill*         0x00000000200003c0      0x400 
                0x00000000200007c0                . = ALIGN (0x8)

/DISCARD/
 libc.a(*)
 libm.a(*)
 libgcc.a(*)

.ARM.attributes
                0x0000000000000000       0x30
 *(.ARM.attributes)
 .ARM.attributes
                0x0000000000000000       0x22 /home/stevan/.MIKROE/NECTOStudio7_Experimental/packages/compilers/gcc/arm/gcc-arm-none-eabi/bin/../lib/gcc/arm-none-eabi/12.2.1/thumb/v7e-m+fp/hard/crti.o
 .ARM.attributes
                0x0000000000000022       0x34 /home/stevan/.MIKROE/NECTOStudio7_Experimental/packages/compilers/gcc/arm/gcc-arm-none-eabi/bin/../lib/gcc/arm-none-eabi/12.2.1/thumb/v7e-m+fp/hard/crtbegin.o
 .ARM.attributes
                0x0000000000000056       0x34 CMakeFiles/OpenDay_2.dir/main.c.obj
 .ARM.attributes
                0x000000000000008a       0x21 CMakeFiles/OpenDay_2.dir/.meproject/setup/FileStartup/stm32f407zg.s.obj
 .ARM.attributes
                0x00000000000000ab       0x34 /home/stevan/GIT/MikroE_OpenDay/OpenDay_2/.meproject/setup/Debug/lib/lib_core.a(system_stm32f_4xx.c.obj)
 .ARM.attributes
                0x00000000000000df       0x34 /home/stevan/GIT/MikroE_OpenDay/OpenDay_2/.meproject/setup/Debug/lib/lib_core.a(preinit.c.obj)
 .ARM.attributes
                0x0000000000000113       0x34 /home/stevan/.MIKROE/NECTOStudio7_Experimental/packages/compilers/gcc/arm/gcc-arm-none-eabi/bin/../lib/gcc/arm-none-eabi/12.2.1/../../../../arm-none-eabi/lib/thumb/v7e-m+fp/hard/libg.a(libc_a-atexit.o)
 .ARM.attributes
                0x0000000000000147       0x34 /home/stevan/.MIKROE/NECTOStudio7_Experimental/packages/compilers/gcc/arm/gcc-arm-none-eabi/bin/../lib/gcc/arm-none-eabi/12.2.1/../../../../arm-none-eabi/lib/thumb/v7e-m+fp/hard/libg.a(libc_a-init.o)
 .ARM.attributes
                0x000000000000017b       0x34 /home/stevan/.MIKROE/NECTOStudio7_Experimental/packages/compilers/gcc/arm/gcc-arm-none-eabi/bin/../lib/gcc/arm-none-eabi/12.2.1/../../../../arm-none-eabi/lib/thumb/v7e-m+fp/hard/libg.a(libc_a-fini.o)
 .ARM.attributes
                0x00000000000001af       0x34 /home/stevan/.MIKROE/NECTOStudio7_Experimental/packages/compilers/gcc/arm/gcc-arm-none-eabi/bin/../lib/gcc/arm-none-eabi/12.2.1/../../../../arm-none-eabi/lib/thumb/v7e-m+fp/hard/libg.a(libc_a-lock.o)
 .ARM.attributes
                0x00000000000001e3       0x34 /home/stevan/.MIKROE/NECTOStudio7_Experimental/packages/compilers/gcc/arm/gcc-arm-none-eabi/bin/../lib/gcc/arm-none-eabi/12.2.1/../../../../arm-none-eabi/lib/thumb/v7e-m+fp/hard/libg.a(libc_a-__atexit.o)
 .ARM.attributes
                0x0000000000000217       0x34 /home/stevan/.MIKROE/NECTOStudio7_Experimental/packages/compilers/gcc/arm/gcc-arm-none-eabi/bin/../lib/gcc/arm-none-eabi/12.2.1/../../../../arm-none-eabi/lib/thumb/v7e-m+fp/hard/libg.a(libc_a-__call_atexit.o)
 .ARM.attributes
                0x000000000000024b       0x22 /home/stevan/.MIKROE/NECTOStudio7_Experimental/packages/compilers/gcc/arm/gcc-arm-none-eabi/bin/../lib/gcc/arm-none-eabi/12.2.1/thumb/v7e-m+fp/hard/crtn.o
OUTPUT(OpenDay_2 elf32-littlearm)
LOAD linker stubs
LOAD /home/stevan/.MIKROE/NECTOStudio7_Experimental/packages/compilers/gcc/arm/gcc-arm-none-eabi/bin/../lib/gcc/arm-none-eabi/12.2.1/../../../../arm-none-eabi/lib/thumb/v7e-m+fp/hard/libc.a
LOAD /home/stevan/.MIKROE/NECTOStudio7_Experimental/packages/compilers/gcc/arm/gcc-arm-none-eabi/bin/../lib/gcc/arm-none-eabi/12.2.1/../../../../arm-none-eabi/lib/thumb/v7e-m+fp/hard/libm.a
LOAD /home/stevan/.MIKROE/NECTOStudio7_Experimental/packages/compilers/gcc/arm/gcc-arm-none-eabi/bin/../lib/gcc/arm-none-eabi/12.2.1/thumb/v7e-m+fp/hard/libgcc.a

.comment        0x0000000000000000       0x39
 .comment       0x0000000000000000       0x39 /home/stevan/.MIKROE/NECTOStudio7_Experimental/packages/compilers/gcc/arm/gcc-arm-none-eabi/bin/../lib/gcc/arm-none-eabi/12.2.1/thumb/v7e-m+fp/hard/crtbegin.o
                                         0x3a (size before relaxing)
 .comment       0x0000000000000039       0x3a CMakeFiles/OpenDay_2.dir/main.c.obj
 .comment       0x0000000000000039       0x3a /home/stevan/GIT/MikroE_OpenDay/OpenDay_2/.meproject/setup/Debug/lib/lib_core.a(system_stm32f_4xx.c.obj)
 .comment       0x0000000000000039       0x3a /home/stevan/GIT/MikroE_OpenDay/OpenDay_2/.meproject/setup/Debug/lib/lib_core.a(preinit.c.obj)
 .comment       0x0000000000000039       0x3a /home/stevan/.MIKROE/NECTOStudio7_Experimental/packages/compilers/gcc/arm/gcc-arm-none-eabi/bin/../lib/gcc/arm-none-eabi/12.2.1/../../../../arm-none-eabi/lib/thumb/v7e-m+fp/hard/libg.a(libc_a-atexit.o)
 .comment       0x0000000000000039       0x3a /home/stevan/.MIKROE/NECTOStudio7_Experimental/packages/compilers/gcc/arm/gcc-arm-none-eabi/bin/../lib/gcc/arm-none-eabi/12.2.1/../../../../arm-none-eabi/lib/thumb/v7e-m+fp/hard/libg.a(libc_a-init.o)
 .comment       0x0000000000000039       0x3a /home/stevan/.MIKROE/NECTOStudio7_Experimental/packages/compilers/gcc/arm/gcc-arm-none-eabi/bin/../lib/gcc/arm-none-eabi/12.2.1/../../../../arm-none-eabi/lib/thumb/v7e-m+fp/hard/libg.a(libc_a-fini.o)
 .comment       0x0000000000000039       0x3a /home/stevan/.MIKROE/NECTOStudio7_Experimental/packages/compilers/gcc/arm/gcc-arm-none-eabi/bin/../lib/gcc/arm-none-eabi/12.2.1/../../../../arm-none-eabi/lib/thumb/v7e-m+fp/hard/libg.a(libc_a-lock.o)
 .comment       0x0000000000000039       0x3a /home/stevan/.MIKROE/NECTOStudio7_Experimental/packages/compilers/gcc/arm/gcc-arm-none-eabi/bin/../lib/gcc/arm-none-eabi/12.2.1/../../../../arm-none-eabi/lib/thumb/v7e-m+fp/hard/libg.a(libc_a-__atexit.o)
 .comment       0x0000000000000039       0x3a /home/stevan/.MIKROE/NECTOStudio7_Experimental/packages/compilers/gcc/arm/gcc-arm-none-eabi/bin/../lib/gcc/arm-none-eabi/12.2.1/../../../../arm-none-eabi/lib/thumb/v7e-m+fp/hard/libg.a(libc_a-__call_atexit.o)

.debug_info     0x0000000000000000      0x6b8
 .debug_info    0x0000000000000000      0x283 CMakeFiles/OpenDay_2.dir/main.c.obj
 .debug_info    0x0000000000000283       0x2e CMakeFiles/OpenDay_2.dir/.meproject/setup/FileStartup/stm32f407zg.s.obj
 .debug_info    0x00000000000002b1      0x36f /home/stevan/GIT/MikroE_OpenDay/OpenDay_2/.meproject/setup/Debug/lib/lib_core.a(system_stm32f_4xx.c.obj)
 .debug_info    0x0000000000000620       0x98 /home/stevan/GIT/MikroE_OpenDay/OpenDay_2/.meproject/setup/Debug/lib/lib_core.a(preinit.c.obj)

.debug_abbrev   0x0000000000000000      0x2bc
 .debug_abbrev  0x0000000000000000       0xf2 CMakeFiles/OpenDay_2.dir/main.c.obj
 .debug_abbrev  0x00000000000000f2       0x1d CMakeFiles/OpenDay_2.dir/.meproject/setup/FileStartup/stm32f407zg.s.obj
 .debug_abbrev  0x000000000000010f      0x159 /home/stevan/GIT/MikroE_OpenDay/OpenDay_2/.meproject/setup/Debug/lib/lib_core.a(system_stm32f_4xx.c.obj)
 .debug_abbrev  0x0000000000000268       0x54 /home/stevan/GIT/MikroE_OpenDay/OpenDay_2/.meproject/setup/Debug/lib/lib_core.a(preinit.c.obj)

.debug_aranges  0x0000000000000000       0xd8
 .debug_aranges
                0x0000000000000000       0x58 CMakeFiles/OpenDay_2.dir/main.c.obj
 .debug_aranges
                0x0000000000000058       0x28 CMakeFiles/OpenDay_2.dir/.meproject/setup/FileStartup/stm32f407zg.s.obj
 .debug_aranges
                0x0000000000000080       0x38 /home/stevan/GIT/MikroE_OpenDay/OpenDay_2/.meproject/setup/Debug/lib/lib_core.a(system_stm32f_4xx.c.obj)
 .debug_aranges
                0x00000000000000b8       0x20 /home/stevan/GIT/MikroE_OpenDay/OpenDay_2/.meproject/setup/Debug/lib/lib_core.a(preinit.c.obj)

.debug_rnglists
                0x0000000000000000       0x90
 .debug_rnglists
                0x0000000000000000       0x3d CMakeFiles/OpenDay_2.dir/main.c.obj
 .debug_rnglists
                0x000000000000003d       0x19 CMakeFiles/OpenDay_2.dir/.meproject/setup/FileStartup/stm32f407zg.s.obj
 .debug_rnglists
                0x0000000000000056       0x27 /home/stevan/GIT/MikroE_OpenDay/OpenDay_2/.meproject/setup/Debug/lib/lib_core.a(system_stm32f_4xx.c.obj)
 .debug_rnglists
                0x000000000000007d       0x13 /home/stevan/GIT/MikroE_OpenDay/OpenDay_2/.meproject/setup/Debug/lib/lib_core.a(preinit.c.obj)

.debug_line     0x0000000000000000      0x67a
 .debug_line    0x0000000000000000      0x1bc CMakeFiles/OpenDay_2.dir/main.c.obj
 .debug_line    0x00000000000001bc       0x7a CMakeFiles/OpenDay_2.dir/.meproject/setup/FileStartup/stm32f407zg.s.obj
 .debug_line    0x0000000000000236      0x3b7 /home/stevan/GIT/MikroE_OpenDay/OpenDay_2/.meproject/setup/Debug/lib/lib_core.a(system_stm32f_4xx.c.obj)
 .debug_line    0x00000000000005ed       0x8d /home/stevan/GIT/MikroE_OpenDay/OpenDay_2/.meproject/setup/Debug/lib/lib_core.a(preinit.c.obj)

.debug_str      0x0000000000000000      0x605
 .debug_str     0x0000000000000000      0x1d7 CMakeFiles/OpenDay_2.dir/main.c.obj
                                        0x211 (size before relaxing)
 .debug_str     0x00000000000001d7       0x71 CMakeFiles/OpenDay_2.dir/.meproject/setup/FileStartup/stm32f407zg.s.obj
                                         0xac (size before relaxing)
 .debug_str     0x0000000000000248      0x35c /home/stevan/GIT/MikroE_OpenDay/OpenDay_2/.meproject/setup/Debug/lib/lib_core.a(system_stm32f_4xx.c.obj)
                                        0x3f8 (size before relaxing)
 .debug_str     0x00000000000005a4       0x61 /home/stevan/GIT/MikroE_OpenDay/OpenDay_2/.meproject/setup/Debug/lib/lib_core.a(preinit.c.obj)
                                        0x1d2 (size before relaxing)

.debug_frame    0x0000000000000000      0x208
 .debug_frame   0x0000000000000000      0x144 CMakeFiles/OpenDay_2.dir/main.c.obj
 .debug_frame   0x0000000000000144       0x94 /home/stevan/GIT/MikroE_OpenDay/OpenDay_2/.meproject/setup/Debug/lib/lib_core.a(system_stm32f_4xx.c.obj)
 .debug_frame   0x00000000000001d8       0x30 /home/stevan/GIT/MikroE_OpenDay/OpenDay_2/.meproject/setup/Debug/lib/lib_core.a(preinit.c.obj)

.debug_line_str
                0x0000000000000000       0x90
 .debug_line_str
                0x0000000000000000       0x90 CMakeFiles/OpenDay_2.dir/.meproject/setup/FileStartup/stm32f407zg.s.obj
